16:59:17 **** Incremental Build of configuration Debug for project LSM6DSL_V0.1 ****
make -j8 all 
arm-none-eabi-gcc "../Core/Src/main.c" -mcpu=cortex-m4 -std=gnu11 -g3 -DDEBUG -DUSE_HAL_DRIVER -DSTM32F303xE -c -I../Core/Inc -I../Drivers/STM32F3xx_HAL_Driver/Inc -I../Drivers/STM32F3xx_HAL_Driver/Inc/Legacy -I../Drivers/CMSIS/Device/ST/STM32F3xx/Include -I../Drivers/CMSIS/Include -O0 -ffunction-sections -fdata-sections -Wall -fstack-usage -fcyclomatic-complexity -MMD -MP -MF"Core/Src/main.d" -MT"Core/Src/main.o" --specs=nano.specs -mfpu=fpv4-sp-d16 -mfloat-abi=hard -mthumb -o "Core/Src/main.o"
arm-none-eabi-gcc -o "LSM6DSL_V0.1.elf" @"objects.list"   -mcpu=cortex-m4 -T"C:\Users\rai\Project\STM32cubeIDE\V0.1\LSM6DSL_V0.1\STM32F303RETX_FLASH.ld" --specs=nosys.specs -Wl,-Map="LSM6DSL_V0.1.map" -Wl,--gc-sections -static --specs=nano.specs -mfpu=fpv4-sp-d16 -mfloat-abi=hard -mthumb -Wl,--start-group -lc -lm -Wl,--end-group
Finished building target: LSM6DSL_V0.1.elf
 
arm-none-eabi-size  LSM6DSL_V0.1.elf 
arm-none-eabi-objdump -h -S LSM6DSL_V0.1.elf  > "LSM6DSL_V0.1.list"
   text	   data	    bss	    dec	    hex	filename
  18548	     92	   2124	  20764	   511c	LSM6DSL_V0.1.elf
Finished building: default.size.stdout
 
Finished building: LSM6DSL_V0.1.list
 
16:59:26 **** Incremental Build of configuration Debug for project LSM6DSL_V0.1 ****
make -j8 all 
arm-none-eabi-size  LSM6DSL_V0.1.elf 
   text	   data	    bss	    dec	    hex	filename
  18548	     92	   2124	  20764	   511c	LSM6DSL_V0.1.elf
Finished building: default.size.stdout
 
17:00:48 **** Incremental Build of configuration Debug for project LSM6DSL_V0.1 ****
make -j8 all 
arm-none-eabi-size  LSM6DSL_V0.1.elf 
   text	   data	    bss	    dec	    hex	filename
  18548	     92	   2124	  20764	   511c	LSM6DSL_V0.1.elf
Finished building: default.size.stdout
 
