../Core/Src/main.c:95:5:main	40	static
../Core/Src/main.c:180:6:SystemClock_Config	160	static
../Core/Src/main.c:228:13:MX_I2C1_Init	8	static
../Core/Src/main.c:276:13:MX_USART2_UART_Init	8	static
../Core/Src/main.c:311:13:MX_GPIO_Init	48	static
../Core/Src/main.c:346:6:LSM6DSL_Init	24	static
../Core/Src/main.c:370:9:LSM6DSL_ReadID	16	static
../Core/Src/main.c:380:6:LSM6DSL_ReadGyro	40	static
../Core/Src/main.c:400:6:LSM6DSL_ReadAccel	40	static
../Core/Src/main.c:419:6:LSM6DSL_ReadRegisters	24	static
../Core/Src/main.c:431:6:DataOver_UART	160	static
../Core/Src/main.c:460:6:Error_Handler	4	static,ignoring_inline_asm
