../Core/Src/main.c:259:5:main	40	static
../Core/Src/main.c:344:6:SystemClock_Config	160	static
../Core/Src/main.c:392:13:MX_I2C1_Init	8	static
../Core/Src/main.c:440:13:MX_USART2_UART_Init	8	static
../Core/Src/main.c:475:13:MX_GPIO_Init	48	static
../Core/Src/main.c:511:9:LSM6DSL_init	16	static
../Core/Src/main.c:539:6:LSM6DSL_ReadGyro	56	static
../Core/Src/main.c:566:6:LSM6DSL_ReadAccel	56	static
../Core/Src/main.c:589:6:LSM6DSL_write_register	32	static
../Core/Src/main.c:594:9:LSM6DSL_read_register	40	static
../Core/Src/main.c:601:9:LSM6DSL_get_ID	8	static
../Core/Src/main.c:606:6:LSM6DSL_set_sw_reset	24	static
../Core/Src/main.c:617:6:LSM6DSL_set_data_rate_xl	24	static
../Core/Src/main.c:623:6:LSM6DSL_set_full_scale_xl	24	static
../Core/Src/main.c:630:6:LSM6DSL_set_data_rate_gy	24	static
../Core/Src/main.c:636:6:LSM6DSL_set_full_scale_gy	24	static
../Core/Src/main.c:643:6:LSM6DSL_set_block_data_update	24	static
../Core/Src/main.c:656:6:DataOver_UART	160	static
../Core/Src/main.c:685:6:Error_Handler	4	static,ignoring_inline_asm
