09:35:00 **** Incremental Build of configuration Debug for project LSM6DSL_V0.5 ****
make -j8 all 
arm-none-eabi-gcc "../Core/Src/main.c" -mcpu=cortex-m4 -std=gnu11 -g3 -DDEBUG -DUSE_HAL_DRIVER -DSTM32F303xE -c -I../Core/Inc -I../Drivers/STM32F3xx_HAL_Driver/Inc -I../Drivers/STM32F3xx_HAL_Driver/Inc/Legacy -I../Drivers/CMSIS/Device/ST/STM32F3xx/Include -I../Drivers/CMSIS/Include -O0 -ffunction-sections -fdata-sections -Wall -fstack-usage -fcyclomatic-complexity -MMD -MP -MF"Core/Src/main.d" -MT"Core/Src/main.o" --specs=nano.specs -mfpu=fpv4-sp-d16 -mfloat-abi=hard -mthumb -o "Core/Src/main.o"
arm-none-eabi-gcc -o "LSM6DSL_V0.5.elf" @"objects.list"   -mcpu=cortex-m4 -T"C:\Users\rai\Project\STM32cubeIDE\V0.5\LSM6DSL_V0.5\STM32F303RETX_FLASH.ld" --specs=nosys.specs -Wl,-Map="LSM6DSL_V0.5.map" -Wl,--gc-sections -static --specs=nano.specs -mfpu=fpv4-sp-d16 -mfloat-abi=hard -mthumb -Wl,--start-group -lc -lm -Wl,--end-group
Finished building target: LSM6DSL_V0.5.elf
 
arm-none-eabi-size  LSM6DSL_V0.5.elf 
arm-none-eabi-objdump -h -S LSM6DSL_V0.5.elf  > "LSM6DSL_V0.5.list"
   text	   data	    bss	    dec	    hex	filename
  19580	     92	   2124	  21796	   5524	LSM6DSL_V0.5.elf
Finished building: default.size.stdout
 
Finished building: LSM6DSL_V0.5.list
 
09:35:05 **** Incremental Build of configuration Debug for project LSM6DSL_V0.5 ****
make -j8 all 
arm-none-eabi-size  LSM6DSL_V0.5.elf 
   text	   data	    bss	    dec	    hex	filename
  19580	     92	   2124	  21796	   5524	LSM6DSL_V0.5.elf
Finished building: default.size.stdout
 
09:37:56 **** Incremental Build of configuration Debug for project LSM6DSL_V0.5 ****
make -j8 all 
arm-none-eabi-size  LSM6DSL_V0.5.elf 
   text	   data	    bss	    dec	    hex	filename
  19580	     92	   2124	  21796	   5524	LSM6DSL_V0.5.elf
Finished building: default.size.stdout
 
09:41:58 **** Incremental Build of configuration Debug for project LSM6DSL_V0.5 ****
make -j8 all 
arm-none-eabi-gcc "../Core/Src/main.c" -mcpu=cortex-m4 -std=gnu11 -g3 -DDEBUG -DUSE_HAL_DRIVER -DSTM32F303xE -c -I../Core/Inc -I../Drivers/STM32F3xx_HAL_Driver/Inc -I../Drivers/STM32F3xx_HAL_Driver/Inc/Legacy -I../Drivers/CMSIS/Device/ST/STM32F3xx/Include -I../Drivers/CMSIS/Include -O0 -ffunction-sections -fdata-sections -Wall -fstack-usage -fcyclomatic-complexity -MMD -MP -MF"Core/Src/main.d" -MT"Core/Src/main.o" --specs=nano.specs -mfpu=fpv4-sp-d16 -mfloat-abi=hard -mthumb -o "Core/Src/main.o"
arm-none-eabi-gcc -o "LSM6DSL_V0.5.elf" @"objects.list"   -mcpu=cortex-m4 -T"C:\Users\rai\Project\STM32cubeIDE\V0.5\LSM6DSL_V0.5\STM32F303RETX_FLASH.ld" --specs=nosys.specs -Wl,-Map="LSM6DSL_V0.5.map" -Wl,--gc-sections -static --specs=nano.specs -mfpu=fpv4-sp-d16 -mfloat-abi=hard -mthumb -Wl,--start-group -lc -lm -Wl,--end-group
Finished building target: LSM6DSL_V0.5.elf
 
arm-none-eabi-size  LSM6DSL_V0.5.elf 
arm-none-eabi-objdump -h -S LSM6DSL_V0.5.elf  > "LSM6DSL_V0.5.list"
   text	   data	    bss	    dec	    hex	filename
  19540	     92	   2124	  21756	   54fc	LSM6DSL_V0.5.elf
Finished building: default.size.stdout
 
Finished building: LSM6DSL_V0.5.list
 
