13:06:12 **** Incremental Build of configuration Debug for project LSM6DSL_V0.2 ****
make -j8 all 
arm-none-eabi-gcc "../Core/Src/main.c" -mcpu=cortex-m4 -std=gnu11 -g3 -DDEBUG -DUSE_HAL_DRIVER -DSTM32F303xE -c -I../Core/Inc -I../Drivers/STM32F3xx_HAL_Driver/Inc -I../Drivers/STM32F3xx_HAL_Driver/Inc/Legacy -I../Drivers/CMSIS/Device/ST/STM32F3xx/Include -I../Drivers/CMSIS/Include -O0 -ffunction-sections -fdata-sections -Wall -fstack-usage -fcyclomatic-complexity -MMD -MP -MF"Core/Src/main.d" -MT"Core/Src/main.o" --specs=nano.specs -mfpu=fpv4-sp-d16 -mfloat-abi=hard -mthumb -o "Core/Src/main.o"
arm-none-eabi-gcc -o "LSM6DSL_V0.2.elf" @"objects.list"   -mcpu=cortex-m4 -T"C:\Users\rai\Project\STM32cubeIDE\V0.2\LSM6DSL_V0.2\STM32F303RETX_FLASH.ld" --specs=nosys.specs -Wl,-Map="LSM6DSL_V0.2.map" -Wl,--gc-sections -static --specs=nano.specs -mfpu=fpv4-sp-d16 -mfloat-abi=hard -mthumb -Wl,--start-group -lc -lm -Wl,--end-group
Finished building target: LSM6DSL_V0.2.elf
 
arm-none-eabi-size  LSM6DSL_V0.2.elf 
arm-none-eabi-objdump -h -S LSM6DSL_V0.2.elf  > "LSM6DSL_V0.2.list"
   text	   data	    bss	    dec	    hex	filename
  17796	     92	   2124	  20012	   4e2c	LSM6DSL_V0.2.elf
Finished building: default.size.stdout
 
Finished building: LSM6DSL_V0.2.list
 

13:06:13 Build Finished. 0 errors, 0 warnings. (took 709ms)

