15:25:26 **** Incremental Build of configuration Debug for project LSM6DSL_V0.6 ****
make -j12 all 
arm-none-eabi-gcc "../Core/Src/main.c" -mcpu=cortex-m4 -std=gnu11 -g3 -DDEBUG -DUSE_HAL_DRIVER -DSTM32F303xE -c -I../Core/Inc -I../Drivers/STM32F3xx_HAL_Driver/Inc -I../Drivers/STM32F3xx_HAL_Driver/Inc/Legacy -I../Drivers/CMSIS/Device/ST/STM32F3xx/Include -I../Drivers/CMSIS/Include -O0 -ffunction-sections -fdata-sections -Wall -fstack-usage -fcyclomatic-complexity -MMD -MP -MF"Core/Src/main.d" -MT"Core/Src/main.o" --specs=nano.specs -mfpu=fpv4-sp-d16 -mfloat-abi=hard -mthumb -o "Core/Src/main.o"
arm-none-eabi-gcc -o "LSM6DSL_V0.6.elf" @"objects.list"   -mcpu=cortex-m4 -T"C:\Users\raj\Project\Project\STM32cubeIDE\V0.6\LSM6DSL_V0.6\STM32F303RETX_FLASH.ld" --specs=nosys.specs -Wl,-Map="LSM6DSL_V0.6.map" -Wl,--gc-sections -static --specs=nano.specs -mfpu=fpv4-sp-d16 -mfloat-abi=hard -mthumb -Wl,--start-group -lc -lm -Wl,--end-group
Finished building target: LSM6DSL_V0.6.elf
 
arm-none-eabi-size  LSM6DSL_V0.6.elf 
arm-none-eabi-objdump -h -S LSM6DSL_V0.6.elf  > "LSM6DSL_V0.6.list"
   text	   data	    bss	    dec	    hex	filename
  19764	     92	   2140	  21996	   55ec	LSM6DSL_V0.6.elf
Finished building: default.size.stdout
 
Finished building: LSM6DSL_V0.6.list
 
15:25:36 **** Incremental Build of configuration Debug for project LSM6DSL_V0.6 ****
make -j12 all 
arm-none-eabi-size  LSM6DSL_V0.6.elf 
   text	   data	    bss	    dec	    hex	filename
  19764	     92	   2140	  21996	   55ec	LSM6DSL_V0.6.elf
Finished building: default.size.stdout
 
