14:08:13 **** Incremental Build of configuration Debug for project 2025_02_25_I2C_finder ****
make -j12 all 
arm-none-eabi-gcc "../Core/Src/main.c" -mcpu=cortex-m4 -std=gnu11 -g3 -DDEBUG -DUSE_HAL_DRIVER -DSTM32F303xE -c -I../Core/Inc -I../Drivers/STM32F3xx_HAL_Driver/Inc -I../Drivers/STM32F3xx_HAL_Driver/Inc/Legacy -I../Drivers/CMSIS/Device/ST/STM32F3xx/Include -I../Drivers/CMSIS/Include -O0 -ffunction-sections -fdata-sections -Wall -fstack-usage -fcyclomatic-complexity -MMD -MP -MF"Core/Src/main.d" -MT"Core/Src/main.o" --specs=nano.specs -mfpu=fpv4-sp-d16 -mfloat-abi=hard -mthumb -o "Core/Src/main.o"
arm-none-eabi-gcc -o "2025_02_25_I2C_finder.elf" @"objects.list"   -mcpu=cortex-m4 -T"C:\Users\raj\Project\Project\STM32cubeIDE\2025_02_28_Fast_I2C_finder\2025_02_25_I2C_finder\STM32F303RETX_FLASH.ld" --specs=nosys.specs -Wl,-Map="2025_02_25_I2C_finder.map" -Wl,--gc-sections -static --specs=nano.specs -mfpu=fpv4-sp-d16 -mfloat-abi=hard -mthumb -Wl,--start-group -lc -lm -Wl,--end-group
Finished building target: 2025_02_25_I2C_finder.elf
 
arm-none-eabi-size  2025_02_25_I2C_finder.elf 
arm-none-eabi-objdump -h -S 2025_02_25_I2C_finder.elf  > "2025_02_25_I2C_finder.list"
   text	   data	    bss	    dec	    hex	filename
  17144	    260	   2172	  19576	   4c78	2025_02_25_I2C_finder.elf
Finished building: default.size.stdout
 
Finished building: 2025_02_25_I2C_finder.list
 

14:08:14 Build Finished. 0 errors, 0 warnings. (took 854ms)

