../Core/Src/main.c:249:5:main	40	static
../Core/Src/main.c:311:6:SystemClock_Config	160	static
../Core/Src/main.c:359:13:MX_I2C1_Init	8	static
../Core/Src/main.c:407:13:MX_USART2_UART_Init	8	static
../Core/Src/main.c:442:13:MX_GPIO_Init	48	static
../Core/Src/main.c:479:9:LSM6DSL_init	16	static
../Core/Src/main.c:511:6:LSM6DSL_ReadGyro	48	static
../Core/Src/main.c:535:6:LSM6DSL_ReadAccel	48	static
../Core/Src/main.c:554:6:LSM6DSL_write_register	32	static
../Core/Src/main.c:559:9:LSM6DSL_read_register	40	static
../Core/Src/main.c:566:9:LSM6DSL_get_ID	32	static
../Core/Src/main.c:575:6:LSM6DSL_set_sw_reset	24	static
../Core/Src/main.c:586:6:LSM6DSL_set_data_rate_xl	24	static
../Core/Src/main.c:592:6:LSM6DSL_set_full_scale_xl	24	static
../Core/Src/main.c:599:6:LSM6DSL_set_data_rate_gy	24	static
../Core/Src/main.c:605:6:LSM6DSL_set_full_scale_gy	24	static
../Core/Src/main.c:612:6:LSM6DSL_set_block_data_update	24	static
../Core/Src/main.c:625:6:DataOver_UART	160	static
../Core/Src/main.c:644:6:Error_Handler	4	static,ignoring_inline_asm
